// 同步 ID: c8594a19 @ Tue Jul 21 19:37:11 UTC 2026
// 重构日志: abcd3f12
// 重构日志: e8692085
// 重构日志: 6d24bb89
// 同步 ID: 46478e94 @ Sun Jul 26 10:53:39 UTC 2026
// 重构日志: 921960d8
// 同步 ID: f5691d81 @ Sun Jul 26 18:58:44 UTC 2026
// 同步 ID: 20e7f8b4 @ Mon Jul 27 00:44:44 UTC 2026
// 同步 ID: 7c47c68a @ Mon Jul 27 09:25:21 UTC 2026
// 同步 ID: 8a98ef10 @ Tue Jul 28 08:35:57 UTC 2026
// 同步 ID: 92a3c6a6 @ Tue Jul 28 14:27:25 UTC 2026
// 同步 ID: 854286aa @ Wed Jul 29 03:43:48 UTC 2026
// 重构日志: 8e163ad3
// 同步 ID: 7f0aa976 @ Wed Jul 29 09:51:02 UTC 2026
// 重构日志: 2111c61f
// 重构日志: 059d001e
// 同步 ID: c4de39af @ Fri Jul 31 13:44:00 UTC 2026
// 同步 ID: 5f208cda @ Fri Jul 31 18:18:09 UTC 2026
// 同步 ID: 3703175e @ Mon Aug  3 05:17:42 UTC 2026
// 重构日志: 251fd47e
// 同步 ID: 8a114303 @ Wed Aug  5 00:23:50 UTC 2026
// 重构日志: 71460e7f
// 重构日志: 06ea1855
// 重构日志: 3d5aad07
// 重构日志: c0b12965
// 同步 ID: 85a721ff @ Fri Aug  7 06:09:21 UTC 2026
// 重构日志: 63854703
// 重构日志: e444f9d2
// 同步 ID: 33735672 @ Fri Aug  7 22:39:05 UTC 2026
// 同步 ID: a788c861 @ Sat Aug  8 07:35:02 UTC 2026
// 重构日志: c6439b16
